addons/ai-assistant/resources/js/Pages/Admin/Settings.vue(65,22): error TS2344: Type 'PagePropsShape' does not satisfy the constraint 'PageProps'.
addons/ai-assistant/resources/js/Pages/Admin/Settings.vue(551,42): error TS2322: Type '(value: string | number) => void' is not assignable to type '(value: string | number | (string | number)[] | null) => any'.
addons/ai-assistant/resources/js/Pages/Admin/Settings.vue(616,87): error TS2339: Property 'File' does not exist on type '{ t: (key: string, replace?: TranslationReplacements | undefined) => string; save: () => void; saving: boolean; saved: boolean; currentTabTitle: string; currentTabDescription: string; ... 53 more ...; $t: (key: string, replace?: Record<...> | undefined) => string; }'.
addons/ai-assistant/resources/js/Pages/Admin/Settings.vue(617,74): error TS2339: Property 'name' does not exist on type 'string | number | true | File'.
addons/ai-assistant/resources/js/Pages/Admin/Settings.vue(617,101): error TS2339: Property 'size' does not exist on type 'string | number | true | File'.
addons/ai-image-editor/resources/js/Pages/Admin/Settings.vue(245,41): error TS2322: Type 'string | number | boolean' is not assignable to type 'string | number | (string | number)[] | null | undefined'.
addons/ai-image-editor/resources/js/Pages/User/Editor.vue(100,9): error TS2304: Cannot find name 'selectOperation'.
addons/ai-image-editor/resources/js/Pages/User/Editor.vue(104,9): error TS2304: Cannot find name 'selectOperation'.
addons/ai-image-editor/resources/js/Pages/User/Editor.vue(178,16): error TS2551: Property 'setBackgroundImage' does not exist on type 'Canvas'. Did you mean 'backgroundImage'?
addons/ai-video-creator/resources/js/Pages/Admin/Settings.vue(28,5): error TS2300: Duplicate identifier 'slideshow_api_key'.
addons/ai-video-creator/resources/js/Pages/Admin/Settings.vue(38,5): error TS2300: Duplicate identifier 'slideshow_api_key'.
addons/ai-video-creator/resources/js/Pages/Admin/Settings.vue(189,72): error TS4104: The type 'readonly [{ readonly value: "kling"; readonly label: string; }, { readonly value: "runway"; readonly label: string; }, { readonly value: "pika"; readonly label: string; }, { readonly value: "minimax"; readonly label: string; }]' is 'readonly' and cannot be assigned to the mutable type 'SelectOption[]'.
addons/ai-video-creator/resources/js/Pages/Admin/Settings.vue(193,73): error TS4104: The type 'readonly [{ readonly value: "kling"; readonly label: string; }, { readonly value: "runway"; readonly label: string; }, { readonly value: "pika"; readonly label: string; }]' is 'readonly' and cannot be assigned to the mutable type 'SelectOption[]'.
addons/ai-video-creator/resources/js/Pages/Admin/Settings.vue(197,68): error TS4104: The type 'readonly [{ readonly value: "heygen"; readonly label: string; }, { readonly value: "did"; readonly label: string; }]' is 'readonly' and cannot be assigned to the mutable type 'SelectOption[]'.
addons/ai-video-creator/resources/js/Pages/Admin/Settings.vue(201,65): error TS4104: The type 'readonly [{ readonly value: "openai"; readonly label: string; }, { readonly value: "elevenlabs"; readonly label: string; }]' is 'readonly' and cannot be assigned to the mutable type 'SelectOption[]'.
addons/ai-video-creator/resources/js/Pages/Admin/Settings.vue(205,70): error TS4104: The type 'readonly [{ readonly value: "whisper"; readonly label: string; }]' is 'readonly' and cannot be assigned to the mutable type 'SelectOption[]'.
addons/ai-video-creator/resources/js/Pages/Admin/Settings.vue(209,71): error TS4104: The type 'readonly [{ readonly value: "local"; readonly label: string; }, { readonly value: "api"; readonly label: string; }]' is 'readonly' and cannot be assigned to the mutable type 'SelectOption[]'.
addons/social-scheduler/resources/js/Pages/Admin/Approval.vue(88,29): error TS2561: Object literal may only specify known properties, but 'preserveScroll' does not exist in type 'ReloadOptions<RequestPayload>'. Did you mean to write 'preserveUrl'?
addons/social-scheduler/resources/js/Pages/Admin/Approval.vue(111,29): error TS2561: Object literal may only specify known properties, but 'preserveScroll' does not exist in type 'ReloadOptions<RequestPayload>'. Did you mean to write 'preserveUrl'?
addons/social-scheduler/resources/js/Pages/User/Posts/Composer.vue(275,66): error TS18047: 'props.post' is possibly 'null'.
addons/social-scheduler/resources/js/Pages/User/Posts/Composer.vue(276,13): error TS2561: Object literal may only specify known properties, but '_method' does not exist in type 'UseFormSubmitOptions'. Did you mean to write 'method'?
resources/js/Components/Home/index.ts(65,5): error TS2353: Object literal may only specify known properties, and 'ai_templates' does not exist in type 'Record<SectionType, Component>'.
resources/js/Pages/Admin/Marketing/Affiliate/Affiliates.vue(134,118): error TS2345: Argument of type 'string | null' is not assignable to parameter of type 'string | Date'.
resources/js/Pages/Admin/Marketing/Affiliate/Commissions.vue(186,118): error TS2345: Argument of type 'string | null' is not assignable to parameter of type 'string | Date'.
resources/js/Pages/Admin/Marketing/Affiliate/Show.vue(150,122): error TS2345: Argument of type 'string | null' is not assignable to parameter of type 'string | Date'.
resources/js/Pages/Admin/Marketing/Affiliate/Show.vue(184,118): error TS2345: Argument of type 'string | null' is not assignable to parameter of type 'string | Date'.
resources/js/Pages/Welcome.vue(156,18): error TS7053: Element implicitly has an 'any' type because expression of type 'SectionType' can't be used to index type 'Record<SectionType, Component>'.
